// Jest Snapshot v1, https://goo.gl/fbAQLP

exports[`renders correctly 1`] = `
<View
  accessible={true}
  focusable={false}
  onClick={[Function]}
  onResponderGrant={[Function]}
  onResponderMove={[Function]}
  onResponderRelease={[Function]}
  onResponderTerminate={[Function]}
  onResponderTerminationRequest={[Function]}
  onStartShouldSetResponder={[Function]}
  style={
    Object {
      "opacity": 1,
    }
  }
>
  <Text
    style={
      Object {
        "borderColor": "#BBB",
        "borderRadius": 10,
        "borderStyle": "dashed",
        "borderWidth": 1,
        "marginTop": 16,
        "padding": 16,
      }
    }
  >
    text item text
  </Text>
</View>
`;
